// Jest Snapshot v1, https://goo.gl/fbAQLP

exports[`Pruba en el About vue Debe de rendizar el componente correctamente 1`] = `
<div class="about">
  <h1>This is an about page</h1>
</div>
`;
