// Jest Snapshot v1, https://goo.gl/fbAQLP

exports[`Pruba en el Home vue Debe de rendizar el componente correctamente 1`] = `<div class="home"><button class="btn btn-primary">primary</button><button class="btn btn-secondary">secondary</button><button class="btn btn-success">success</button></div>`;
